// Jest Snapshot v1, https://goo.gl/fbAQLP

exports[`Header should match snapshot 1`] = `
<div>
  <div
    class="header"
  >
    <h1>
      Guild Chat
    </h1>
    <button>
      Log out
    </button>
  </div>
</div>
`;
