// Jest Snapshot v1, https://goo.gl/fbAQLP

exports[`MessageRow should match snapshot 1`] = `
<div>
  <div
    class="message-row--outgoing"
  >
    Message
  </div>
</div>
`;
